// Jest Snapshot v1, https://goo.gl/fbAQLP

exports[`Location should render correctl in "debug" mode 1`] = `ShallowWrapper {}`;
