// Jest Snapshot v1, https://goo.gl/fbAQLP

exports[`ShowAll should render correctly in "debug" mode 1`] = `ShallowWrapper {}`;
